[dotenv@17.3.1] injecting env (7) from .env -- tip: ≡ƒöÉ prevent building .env in docker: https://dotenvx.com/prebuild
Testing OpenAI API with key: Present (Starts with sk-proj)
